// Jest Snapshot v1, https://goo.gl/fbAQLP

exports[`DateSelect renders 1`] = `
<withTheme(Pane)
  display="flex"
  flexDirection="row"
  justifyContent="space-between"
>
  <TextInputField
    flex="1"
    inputHeight={32}
    inputWidth="100%"
    label="I'm a date picker"
    marginRight="10px"
    name="month"
    onChange={[Function]}
    required={false}
    value="month"
  >
    <option>
      Month
    </option>
    <option
      key="0"
      value={1}
    >
      January
    </option>
    <option
      key="1"
      value={2}
    >
      February
    </option>
    <option
      key="2"
      value={3}
    >
      March
    </option>
    <option
      key="3"
      value={4}
    >
      April
    </option>
    <option
      key="4"
      value={5}
    >
      May
    </option>
    <option
      key="5"
      value={6}
    >
      June
    </option>
    <option
      key="6"
      value={7}
    >
      July
    </option>
    <option
      key="7"
      value={8}
    >
      August
    </option>
    <option
      key="8"
      value={9}
    >
      September
    </option>
    <option
      key="9"
      value={10}
    >
      October
    </option>
    <option
      key="10"
      value={11}
    >
      November
    </option>
    <option
      key="11"
      value={12}
    >
      December
    </option>
  </TextInputField>
  <TextInputField
    inputHeight={32}
    inputWidth="100%"
    label=" "
    marginRight="10px"
    name="day"
    onChange={[Function]}
    value="day"
  >
    <option>
      Day
    </option>
    <option
      key="0"
      value={1}
    >
      1
    </option>
    <option
      key="1"
      value={2}
    >
      2
    </option>
    <option
      key="2"
      value={3}
    >
      3
    </option>
    <option
      key="3"
      value={4}
    >
      4
    </option>
    <option
      key="4"
      value={5}
    >
      5
    </option>
    <option
      key="5"
      value={6}
    >
      6
    </option>
    <option
      key="6"
      value={7}
    >
      7
    </option>
    <option
      key="7"
      value={8}
    >
      8
    </option>
    <option
      key="8"
      value={9}
    >
      9
    </option>
    <option
      key="9"
      value={10}
    >
      10
    </option>
    <option
      key="10"
      value={11}
    >
      11
    </option>
    <option
      key="11"
      value={12}
    >
      12
    </option>
    <option
      key="12"
      value={13}
    >
      13
    </option>
    <option
      key="13"
      value={14}
    >
      14
    </option>
    <option
      key="14"
      value={15}
    >
      15
    </option>
    <option
      key="15"
      value={16}
    >
      16
    </option>
    <option
      key="16"
      value={17}
    >
      17
    </option>
    <option
      key="17"
      value={18}
    >
      18
    </option>
    <option
      key="18"
      value={19}
    >
      19
    </option>
    <option
      key="19"
      value={20}
    >
      20
    </option>
    <option
      key="20"
      value={21}
    >
      21
    </option>
    <option
      key="21"
      value={22}
    >
      22
    </option>
    <option
      key="22"
      value={23}
    >
      23
    </option>
    <option
      key="23"
      value={24}
    >
      24
    </option>
    <option
      key="24"
      value={25}
    >
      25
    </option>
    <option
      key="25"
      value={26}
    >
      26
    </option>
    <option
      key="26"
      value={27}
    >
      27
    </option>
    <option
      key="27"
      value={28}
    >
      28
    </option>
    <option
      key="28"
      value={29}
    >
      29
    </option>
    <option
      key="29"
      value={30}
    >
      30
    </option>
    <option
      key="30"
      value={31}
    >
      31
    </option>
  </TextInputField>
  <TextInputField
    inputHeight={32}
    inputWidth="100%"
    label=" "
    name="year"
    onChange={[Function]}
    value="year"
  >
    <option>
      Year
    </option>
    <option
      key="0"
      value={9999}
    >
      9999
    </option>
    <option
      key="1"
      value={9998}
    >
      9998
    </option>
    <option
      key="2"
      value={9997}
    >
      9997
    </option>
    <option
      key="3"
      value={9996}
    >
      9996
    </option>
    <option
      key="4"
      value={9995}
    >
      9995
    </option>
    <option
      key="5"
      value={9994}
    >
      9994
    </option>
    <option
      key="6"
      value={9993}
    >
      9993
    </option>
    <option
      key="7"
      value={9992}
    >
      9992
    </option>
    <option
      key="8"
      value={9991}
    >
      9991
    </option>
    <option
      key="9"
      value={9990}
    >
      9990
    </option>
    <option
      key="10"
      value={9989}
    >
      9989
    </option>
    <option
      key="11"
      value={9988}
    >
      9988
    </option>
    <option
      key="12"
      value={9987}
    >
      9987
    </option>
    <option
      key="13"
      value={9986}
    >
      9986
    </option>
    <option
      key="14"
      value={9985}
    >
      9985
    </option>
    <option
      key="15"
      value={9984}
    >
      9984
    </option>
    <option
      key="16"
      value={9983}
    >
      9983
    </option>
    <option
      key="17"
      value={9982}
    >
      9982
    </option>
    <option
      key="18"
      value={9981}
    >
      9981
    </option>
    <option
      key="19"
      value={9980}
    >
      9980
    </option>
    <option
      key="20"
      value={9979}
    >
      9979
    </option>
    <option
      key="21"
      value={9978}
    >
      9978
    </option>
    <option
      key="22"
      value={9977}
    >
      9977
    </option>
    <option
      key="23"
      value={9976}
    >
      9976
    </option>
    <option
      key="24"
      value={9975}
    >
      9975
    </option>
    <option
      key="25"
      value={9974}
    >
      9974
    </option>
    <option
      key="26"
      value={9973}
    >
      9973
    </option>
    <option
      key="27"
      value={9972}
    >
      9972
    </option>
    <option
      key="28"
      value={9971}
    >
      9971
    </option>
    <option
      key="29"
      value={9970}
    >
      9970
    </option>
    <option
      key="30"
      value={9969}
    >
      9969
    </option>
    <option
      key="31"
      value={9968}
    >
      9968
    </option>
    <option
      key="32"
      value={9967}
    >
      9967
    </option>
    <option
      key="33"
      value={9966}
    >
      9966
    </option>
    <option
      key="34"
      value={9965}
    >
      9965
    </option>
    <option
      key="35"
      value={9964}
    >
      9964
    </option>
    <option
      key="36"
      value={9963}
    >
      9963
    </option>
    <option
      key="37"
      value={9962}
    >
      9962
    </option>
    <option
      key="38"
      value={9961}
    >
      9961
    </option>
    <option
      key="39"
      value={9960}
    >
      9960
    </option>
    <option
      key="40"
      value={9959}
    >
      9959
    </option>
    <option
      key="41"
      value={9958}
    >
      9958
    </option>
    <option
      key="42"
      value={9957}
    >
      9957
    </option>
    <option
      key="43"
      value={9956}
    >
      9956
    </option>
    <option
      key="44"
      value={9955}
    >
      9955
    </option>
    <option
      key="45"
      value={9954}
    >
      9954
    </option>
    <option
      key="46"
      value={9953}
    >
      9953
    </option>
    <option
      key="47"
      value={9952}
    >
      9952
    </option>
    <option
      key="48"
      value={9951}
    >
      9951
    </option>
    <option
      key="49"
      value={9950}
    >
      9950
    </option>
    <option
      key="50"
      value={9949}
    >
      9949
    </option>
    <option
      key="51"
      value={9948}
    >
      9948
    </option>
    <option
      key="52"
      value={9947}
    >
      9947
    </option>
    <option
      key="53"
      value={9946}
    >
      9946
    </option>
    <option
      key="54"
      value={9945}
    >
      9945
    </option>
    <option
      key="55"
      value={9944}
    >
      9944
    </option>
    <option
      key="56"
      value={9943}
    >
      9943
    </option>
    <option
      key="57"
      value={9942}
    >
      9942
    </option>
    <option
      key="58"
      value={9941}
    >
      9941
    </option>
    <option
      key="59"
      value={9940}
    >
      9940
    </option>
    <option
      key="60"
      value={9939}
    >
      9939
    </option>
    <option
      key="61"
      value={9938}
    >
      9938
    </option>
    <option
      key="62"
      value={9937}
    >
      9937
    </option>
    <option
      key="63"
      value={9936}
    >
      9936
    </option>
    <option
      key="64"
      value={9935}
    >
      9935
    </option>
    <option
      key="65"
      value={9934}
    >
      9934
    </option>
    <option
      key="66"
      value={9933}
    >
      9933
    </option>
    <option
      key="67"
      value={9932}
    >
      9932
    </option>
    <option
      key="68"
      value={9931}
    >
      9931
    </option>
    <option
      key="69"
      value={9930}
    >
      9930
    </option>
    <option
      key="70"
      value={9929}
    >
      9929
    </option>
    <option
      key="71"
      value={9928}
    >
      9928
    </option>
    <option
      key="72"
      value={9927}
    >
      9927
    </option>
    <option
      key="73"
      value={9926}
    >
      9926
    </option>
    <option
      key="74"
      value={9925}
    >
      9925
    </option>
    <option
      key="75"
      value={9924}
    >
      9924
    </option>
    <option
      key="76"
      value={9923}
    >
      9923
    </option>
    <option
      key="77"
      value={9922}
    >
      9922
    </option>
    <option
      key="78"
      value={9921}
    >
      9921
    </option>
    <option
      key="79"
      value={9920}
    >
      9920
    </option>
    <option
      key="80"
      value={9919}
    >
      9919
    </option>
    <option
      key="81"
      value={9918}
    >
      9918
    </option>
    <option
      key="82"
      value={9917}
    >
      9917
    </option>
    <option
      key="83"
      value={9916}
    >
      9916
    </option>
    <option
      key="84"
      value={9915}
    >
      9915
    </option>
    <option
      key="85"
      value={9914}
    >
      9914
    </option>
    <option
      key="86"
      value={9913}
    >
      9913
    </option>
    <option
      key="87"
      value={9912}
    >
      9912
    </option>
    <option
      key="88"
      value={9911}
    >
      9911
    </option>
    <option
      key="89"
      value={9910}
    >
      9910
    </option>
    <option
      key="90"
      value={9909}
    >
      9909
    </option>
    <option
      key="91"
      value={9908}
    >
      9908
    </option>
    <option
      key="92"
      value={9907}
    >
      9907
    </option>
    <option
      key="93"
      value={9906}
    >
      9906
    </option>
    <option
      key="94"
      value={9905}
    >
      9905
    </option>
    <option
      key="95"
      value={9904}
    >
      9904
    </option>
    <option
      key="96"
      value={9903}
    >
      9903
    </option>
    <option
      key="97"
      value={9902}
    >
      9902
    </option>
    <option
      key="98"
      value={9901}
    >
      9901
    </option>
    <option
      key="99"
      value={9900}
    >
      9900
    </option>
  </TextInputField>
</withTheme(Pane)>
`;
